┌─ [1] To Do ─── 1 of 4 ─┐┌─ [2] In Pro… ─ 0 of 0 ─┐┌─ [3] Done ────── 1 of 5 ─┐
│ ▸ ☐ Crear el repositor ││   (No tasks in progres ││ ▸ ☑ Implementar pestaña  │
│   ☐ Publicar tag v0.1. ││                        ││   ☑ Implementar pestaña  │
│   ☐ Probar instalación ││                        ││   ☑ Implementar pestaña  │
│   ☐ Implementar soport ││                        ││   ☑ Implementar 7 temas  │
│                        ││                        ││   ☑ Compatibilidad con n │
│                        ││                        ││                          │
│                        ││                        ││                          │
│                        ││                        ││                          │
│                        ││                        ││                          │
│                        ││                        ││                          │
│                        ││                        ││                          │
│                        ││                        ││                          │
│                        ││                        ││                          │
│                        ││                        ││                          │
│                        ││                        ││                          │
│                        ││                        ││                          │
│                        ││                        ││                          │
│                        ││                        ││                          │
│                        ││                        ││                          │
│                        ││                        ││                          │
│                        ││                        ││                          │
└────────────────────────┘└────────────────────────┘└──────────────────────────┘
 [x] 󰩹 (5)  [h/l] Column  [H/L] Move  [space] Toggle  [Enter] Edit  [W] Notes ( 