┌─ [1] To Do ────────────────────────────── 1 of 4 ─┐┌─ [2] In Progress ──────────────────────── 0 of 0 ─┐┌─ [3] Done ──────────────────────────────── 1 of 5 ─┐
│ ▸ ☐ Crear el repositorio Homebrew tap `MathiasDri ││   (No tasks in progress. Move with L)             ││ ▸ ☑ Implementar pestaña [2] Categorías y Tags (Pro │
│   ☐ Publicar tag v0.1.0 para releases automáticas ││                                                   ││   ☑ Implementar pestaña [3] Tareas agregadas (Proy │
│   ☐ Probar instalación con curl en una máquina li ││                                                   ││   ☑ Implementar pestaña [4] Galería de imágenes co │
│   ☐ Implementar soporte de ratón y HitTester (Pro ││                                                   ││   ☑ Implementar 7 temas dinámicos con tecla 't' (P │
│                                                   ││                                                   ││   ☑ Compatibilidad con navegación estilo Vim (j, k │
│                                                   ││                                                   ││                                                    │
│                                                   ││                                                   ││                                                    │
│                                                   ││                                                   ││                                                    │
│                                                   ││                                                   ││                                                    │
│                                                   ││                                                   ││                                                    │
│                                                   ││                                                   ││                                                    │
│                                                   ││                                                   ││                                                    │
│                                                   ││                                                   ││                                                    │
│                                                   ││                                                   ││                                                    │
│                                                   ││                                                   ││                                                    │
│                                                   ││                                                   ││                                                    │
│                                                   ││                                                   ││                                                    │
│                                                   ││                                                   ││                                                    │
│                                                   ││                                                   ││                                                    │
│                                                   ││                                                   ││                                                    │
│                                                   ││                                                   ││                                                    │
│                                                   ││                                                   ││                                                    │
│                                                   ││                                                   ││                                                    │
│                                                   ││                                                   ││                                                    │
│                                                   ││                                                   ││                                                    │
│                                                   ││                                                   ││                                                    │
│                                                   ││                                                   ││                                                    │
│                                                   ││                                                   ││                                                    │
│                                                   ││                                                   ││                                                    │
│                                                   ││                                                   ││                                                    │
│                                                   ││                                                   ││                                                    │
│                                                   ││                                                   ││                                                    │
│                                                   ││                                                   ││                                                    │
│                                                   ││                                                   ││                                                    │
│                                                   ││                                                   ││                                                    │
│                                                   ││                                                   ││                                                    │
│                                                   ││                                                   ││                                                    │
│                                                   ││                                                   ││                                                    │
│                                                   ││                                                   ││                                                    │
│                                                   ││                                                   ││                                                    │
│                                                   ││                                                   ││                                                    │
│                                                   ││                                                   ││                                                    │
└───────────────────────────────────────────────────┘└───────────────────────────────────────────────────┘└────────────────────────────────────────────────────┘
 [x] 󰩹 (5)  [h/l] Column  [H/L] Move  [space] Toggle  [Enter] Edit  [W] Notes (Sheet 1)  [?] Settings  [q] Quit          Sheet 2: Kanban Board (Taskell/Kaban) 