┌─ [1] To Do ───────────────── 1 of 4 ─┐┌─ [2] In Progress ─────────── 0 of 0 ─┐┌─ [3] Done ────────────────── 1 of 5 ─┐
│ ▸ ☐ Crear el repositorio Homebrew ta ││   (No tasks in progress. Move with L ││ ▸ ☑ Implementar pestaña [2] Categorí │
│   ☐ Publicar tag v0.1.0 para release ││                                      ││   ☑ Implementar pestaña [3] Tareas a │
│   ☐ Probar instalación con curl en u ││                                      ││   ☑ Implementar pestaña [4] Galería  │
│   ☐ Implementar soporte de ratón y H ││                                      ││   ☑ Implementar 7 temas dinámicos co │
│                                      ││                                      ││   ☑ Compatibilidad con navegación es │
│                                      ││                                      ││                                      │
│                                      ││                                      ││                                      │
│                                      ││                                      ││                                      │
│                                      ││                                      ││                                      │
│                                      ││                                      ││                                      │
│                                      ││                                      ││                                      │
│                                      ││                                      ││                                      │
│                                      ││                                      ││                                      │
│                                      ││                                      ││                                      │
│                                      ││                                      ││                                      │
│                                      ││                                      ││                                      │
│                                      ││                                      ││                                      │
│                                      ││                                      ││                                      │
│                                      ││                                      ││                                      │
│                                      ││                                      ││                                      │
│                                      ││                                      ││                                      │
│                                      ││                                      ││                                      │
│                                      ││                                      ││                                      │
│                                      ││                                      ││                                      │
│                                      ││                                      ││                                      │
│                                      ││                                      ││                                      │
│                                      ││                                      ││                                      │
│                                      ││                                      ││                                      │
│                                      ││                                      ││                                      │
│                                      ││                                      ││                                      │
│                                      ││                                      ││                                      │
│                                      ││                                      ││                                      │
└──────────────────────────────────────┘└──────────────────────────────────────┘└──────────────────────────────────────┘
 [x] 󰩹 (5)  [h/l] Column  [H/L] Move  [space] Toggle  [Enter] Edit  [W] Notes (Sheet 1)  [?] Settings  [q] Quit         